<?xml version="1.0" encoding="UTF-8"?>
<testsuites name="jest tests" tests="23" failures="0" errors="0" time="5.715">
  <testsuite name="currencies-slice" errors="0" failures="0" skipped="0" timestamp="2021-09-26T10:15:24" time="1.852" tests="9">
    <testcase classname="currencies-slice setCurrencyIn" name="currencies-slice setCurrencyIn" time="0.005">
    </testcase>
    <testcase classname="currencies-slice setCurrencyOut" name="currencies-slice setCurrencyOut" time="0.001">
    </testcase>
    <testcase classname="currencies-slice setValueIn" name="currencies-slice setValueIn" time="0.001">
    </testcase>
    <testcase classname="currencies-slice setValueOut" name="currencies-slice setValueOut" time="0">
    </testcase>
    <testcase classname="currencies-slice setSelectionIn" name="currencies-slice setSelectionIn" time="0.001">
    </testcase>
    <testcase classname="currencies-slice setSelectionOut" name="currencies-slice setSelectionOut" time="0.001">
    </testcase>
    <testcase classname="currencies-slice setConvert" name="currencies-slice setConvert" time="0.001">
    </testcase>
    <testcase classname="currencies-slice setCardSwitchDirectionUp" name="currencies-slice setCardSwitchDirectionUp" time="0.001">
    </testcase>
    <testcase classname="currencies-slice setEchangedSuccess" name="currencies-slice setEchangedSuccess" time="0.001">
    </testcase>
  </testsuite>
  <testsuite name="fetchCurrencies" errors="0" failures="0" skipped="0" timestamp="2021-09-26T10:15:24" time="1.938" tests="1">
    <testcase classname="fetchCurrencies call fetchCurrencies" name="fetchCurrencies call fetchCurrencies" time="0.091">
    </testcase>
  </testsuite>
  <testsuite name="useFetchCurrencies" errors="0" failures="0" skipped="0" timestamp="2021-09-26T10:15:24" time="2.264" tests="1">
    <testcase classname="useFetchCurrencies successful query hook" name="useFetchCurrencies successful query hook" time="0.042">
    </testcase>
  </testsuite>
  <testsuite name="LiveRate" errors="0" failures="0" skipped="0" timestamp="2021-09-26T10:15:24" time="2.808" tests="1">
    <testcase classname="LiveRate Component renders" name="LiveRate Component renders" time="0.105">
    </testcase>
  </testsuite>
  <testsuite name="CardSwitch" errors="0" failures="0" skipped="0" timestamp="2021-09-26T10:15:24" time="2.828" tests="1">
    <testcase classname="CardSwitch Component renders" name="CardSwitch Component renders" time="0.081">
    </testcase>
  </testsuite>
  <testsuite name="Snackbar" errors="0" failures="0" skipped="0" timestamp="2021-09-26T10:15:24" time="2.937" tests="1">
    <testcase classname="Snackbar Component renders" name="Snackbar Component renders" time="0.109">
    </testcase>
  </testsuite>
  <testsuite name="NativeSelect" errors="0" failures="0" skipped="0" timestamp="2021-09-26T10:15:24" time="2.995" tests="1">
    <testcase classname="NativeSelect Component renders" name="NativeSelect Component renders" time="0.186">
    </testcase>
  </testsuite>
  <testsuite name="Input" errors="0" failures="0" skipped="0" timestamp="2021-09-26T10:15:24" time="3.02" tests="1">
    <testcase classname="Input Component renders" name="Input Component renders" time="0.088">
    </testcase>
  </testsuite>
  <testsuite name="SelectCurrencyIn" errors="0" failures="0" skipped="0" timestamp="2021-09-26T10:15:24" time="3.115" tests="1">
    <testcase classname="SelectCurrencyIn Component renders" name="SelectCurrencyIn Component renders" time="0.178">
    </testcase>
  </testsuite>
  <testsuite name="SelectCurrencyOut" errors="0" failures="0" skipped="0" timestamp="2021-09-26T10:15:24" time="3.129" tests="1">
    <testcase classname="SelectCurrencyOut Component renders" name="SelectCurrencyOut Component renders" time="0.177">
    </testcase>
  </testsuite>
  <testsuite name="CardSwitch" errors="0" failures="0" skipped="0" timestamp="2021-09-26T10:15:24" time="3.227" tests="1">
    <testcase classname="CardSwitch Component renders" name="CardSwitch Component renders" time="0.122">
    </testcase>
  </testsuite>
  <testsuite name="CardIn" errors="0" failures="0" skipped="0" timestamp="2021-09-26T10:15:24" time="3.226" tests="1">
    <testcase classname="CardIn Component renders" name="CardIn Component renders" time="0.123">
    </testcase>
  </testsuite>
  <testsuite name="ActionButton" errors="0" failures="0" skipped="0" timestamp="2021-09-26T10:15:24" time="3.89" tests="1">
    <testcase classname="ActionButton Component renders" name="ActionButton Component renders" time="0.046">
    </testcase>
  </testsuite>
  <testsuite name="undefined" errors="0" failures="0" skipped="0" timestamp="2021-09-26T10:15:24" time="3.903" tests="2">
    <testcase classname=" renders learn react link" name=" renders learn react link" time="0.001">
    </testcase>
    <testcase classname="App Component renders" name="App Component renders" time="0.088">
    </testcase>
  </testsuite>
</testsuites>